Copyright 1986-2022 Xilinx, Inc. All Rights Reserved. Copyright 2022-2025 Advanced Micro Devices, Inc. All Rights Reserved.
---------------------------------------------------------------------------------------------------------------------------------------------
| Tool Version : Vivado v.2025.2 (win64) Build 6299465 Fri Nov 14 19:35:11 GMT 2025
| Date         : Mon May 25 21:32:07 2026
| Host         : CE-LAB6903 running 64-bit major release  (build 9200)
| Command      : report_control_sets -verbose -file nrz_l_control_sets_placed.rpt
| Design       : nrz_l
| Device       : xc7a35t
---------------------------------------------------------------------------------------------------------------------------------------------

Control Set Information

Table of Contents
-----------------
1. Summary
2. Histogram
3. Flip-Flop Distribution
4. Detailed Control Set Information

1. Summary
----------

+----------------------------------------------------------+-------+
|                          Status                          | Count |
+----------------------------------------------------------+-------+
| Total control sets                                       |     9 |
|    Minimum number of control sets                        |     9 |
|    Addition due to synthesis replication                 |     0 |
|    Addition due to physical synthesis replication        |     0 |
| Unused register locations in slices containing registers |    48 |
+----------------------------------------------------------+-------+
* Control sets can be merged at opt_design using control_set_merge or merge_equivalent_drivers
** Run report_qor_suggestions for automated merging and remapping suggestions


2. Histogram
------------

+--------------------+-------+
|       Fanout       | Count |
+--------------------+-------+
| Total control sets |     9 |
| >= 0 to < 4        |     3 |
| >= 4 to < 6        |     3 |
| >= 6 to < 8        |     0 |
| >= 8 to < 10       |     0 |
| >= 10 to < 12      |     2 |
| >= 12 to < 14      |     0 |
| >= 14 to < 16      |     0 |
| >= 16              |     1 |
+--------------------+-------+
* Control sets can be remapped at either synth_design or opt_design


3. Flip-Flop Distribution
-------------------------

+--------------+-----------------------+------------------------+-----------------+--------------+
| Clock Enable | Synchronous Set/Reset | Asynchronous Set/Reset | Total Registers | Total Slices |
+--------------+-----------------------+------------------------+-----------------+--------------+
| No           | No                    | No                     |               3 |            1 |
| No           | No                    | Yes                    |              27 |            7 |
| No           | Yes                   | No                     |              10 |            4 |
| Yes          | No                    | No                     |               0 |            0 |
| Yes          | No                    | Yes                    |              24 |            9 |
| Yes          | Yes                   | No                     |               0 |            0 |
+--------------+-----------------------+------------------------+-----------------+--------------+


4. Detailed Control Set Information
-----------------------------------

+----------------+------------------+------------------+------------------+----------------+--------------+
|  Clock Signal  |   Enable Signal  | Set/Reset Signal | Slice Load Count | Bel Load Count | Bels / Slice |
+----------------+------------------+------------------+------------------+----------------+--------------+
|  clk_IBUF_BUFG |                  | vga_hs0          |                1 |              1 |         1.00 |
|  clk_IBUF_BUFG |                  | vga_vs0          |                1 |              1 |         1.00 |
|  clk_IBUF_BUFG |                  |                  |                1 |              3 |         3.00 |
|  clk_IBUF_BUFG |                  | vga_g[0]_i_1_n_0 |                1 |              4 |         4.00 |
|  clk_IBUF_BUFG |                  | vga_r[0]_i_1_n_0 |                1 |              4 |         4.00 |
|  clk_IBUF_BUFG | p_0_in           | reset_IBUF       |                2 |              4 |         2.00 |
|  clk_IBUF_BUFG | v_cnt[9]_i_1_n_0 | reset_IBUF       |                3 |             10 |         3.33 |
|  clk_IBUF_BUFG | vga_clk_en       | reset_IBUF       |                4 |             10 |         2.50 |
|  clk_IBUF_BUFG |                  | reset_IBUF       |                7 |             27 |         3.86 |
+----------------+------------------+------------------+------------------+----------------+--------------+


